// Jest Snapshot v1, https://goo.gl/fbAQLP

exports[`Button (presentation, §6.1.1) matches snapshot for default variant 1`] = `
<View
  accessibilityState={
    {
      "busy": undefined,
      "checked": undefined,
      "disabled": false,
      "expanded": undefined,
      "selected": undefined,
    }
  }
  accessibilityValue={
    {
      "max": undefined,
      "min": undefined,
      "now": undefined,
      "text": undefined,
    }
  }
  accessible={true}
  className="my-2 flex flex-row items-center justify-center rounded-xl bg-black dark:bg-accent-100 h-10 px-4"
  collapsable={false}
  focusable={true}
  onBlur={[Function]}
  onClick={[Function]}
  onFocus={[Function]}
  onResponderGrant={[Function]}
  onResponderMove={[Function]}
  onResponderRelease={[Function]}
  onResponderTerminate={[Function]}
  onResponderTerminationRequest={[Function]}
  onStartShouldSetResponder={[Function]}
  testID="snap-btn"
>
  <Text
    className="font-inter font-bold text-white dark:text-black text-base"
    testID="snap-btn-label"
  >
    Continue
  </Text>
</View>
`;
